// Jest Snapshot v1, https://goo.gl/fbAQLP

exports[`PhotoService should render correctly 1`] = `""`;
